---
source: crates/client/tests/home_screen.rs
expression: terminal.backend().to_string()
---
"┌ mewcode — sessions ──────────────────────────────────────┐"
"│                                                          │"
"│                     No sessions yet.                     │"
"│               Press 'n' to start a new one.              │"
"│                                                          │"
"│                                                          │"
"│                                                          │"
"│                                                          │"
"│                                                          │"
"│                                                          │"
"└──────────────────────────────────────────────────────────┘"
"n new  •  ↑/↓ select  •  Enter open  •  q quit              "
